D:\work_nxp\monkey_d_wifi_setup_cm7\drivers/fsl_usdhc.h:930:20:USDHC_EnableInterruptStatus	16	static
D:\work_nxp\monkey_d_wifi_setup_cm7\drivers/fsl_usdhc.h:941:20:USDHC_DisableInterruptStatus	16	static
D:\work_nxp\monkey_d_wifi_setup_cm7\drivers/fsl_usdhc.h:952:20:USDHC_EnableInterruptSignal	16	static
D:\work_nxp\monkey_d_wifi_setup_cm7\drivers/fsl_usdhc.h:963:20:USDHC_DisableInterruptSignal	16	static
D:\work_nxp\monkey_d_wifi_setup_cm7\sdmmc\host\usdhc/fsl_sdmmc_host.h:283:20:SDMMCHOST_EnableCardInt	16	static
../wifi/sdio_nxp_abs/mlan_sdio.c:75:5:sdio_drv_creg_read	32	static
../wifi/sdio_nxp_abs/mlan_sdio.c:97:5:sdio_drv_creg_write	40	static
../wifi/sdio_nxp_abs/mlan_sdio.c:121:5:sdio_drv_read	48	static
../wifi/sdio_nxp_abs/mlan_sdio.c:199:5:sdio_drv_write	48	static
../wifi/sdio_nxp_abs/mlan_sdio.c:233:13:SDIO_CardInterruptCallBack	16	static
../wifi/sdio_nxp_abs/mlan_sdio.c:239:6:sdio_enable_interrupt	8	static
../wifi/sdio_nxp_abs/mlan_sdio.c:247:6:sdio_disable_interrupt	8	static
../wifi/sdio_nxp_abs/mlan_sdio.c:255:13:sdio_controller_init	8	static
../wifi/sdio_nxp_abs/mlan_sdio.c:269:12:sdio_card_init	16	static
../wifi/sdio_nxp_abs/mlan_sdio.c:334:13:print_card_info	16	static
../wifi/sdio_nxp_abs/mlan_sdio.c:383:5:sdio_drv_init	24	static
../wifi/sdio_nxp_abs/mlan_sdio.c:411:6:sdio_drv_deinit	16	static
