D:\work_nxp\monkey_d_wifi_setup_cm7\wifi\incl\wlcmgr/wlan.h:5056:20:print_mac	40	static
D:\work_nxp\monkey_d_wifi_setup_cm7\wifi\wifidriver\incl/mlan_wmm.h:73:22:wlan_request_ralist_lock	16	static
D:\work_nxp\monkey_d_wifi_setup_cm7\wifi\wifidriver\incl/mlan_wmm.h:91:22:wlan_release_ralist_lock	16	static
../wifi/wifidriver/mlan_glue.c:165:14:wifi_11n_save_request	24	static
../wifi/wifidriver/mlan_glue.c:184:6:wrapper_deliver_amsdu_subframe	32	static
../wifi/wifidriver/mlan_glue.c:191:20:wrapper_moal_recv_packet	24	static
../wifi/wifidriver/mlan_glue.c:232:9:wrapper_moal_memcpy_ext	32	static
../wifi/wifidriver/mlan_glue.c:242:20:wrapper_moal_init_timer	40	static
../wifi/wifidriver/mlan_glue.c:280:20:wrapper_moal_start_timer	32	static
../wifi/wifidriver/mlan_glue.c:313:20:wrapper_moal_reset_timer	24	static
../wifi/wifidriver/mlan_glue.c:328:20:wrapper_moal_stop_timer	24	static
../wifi/wifidriver/mlan_glue.c:343:20:wrapper_moal_free_timer	24	static
../wifi/wifidriver/mlan_glue.c:357:20:wrapper_moal_init_lock	16	static
../wifi/wifidriver/mlan_glue.c:366:20:wrapper_moal_free_lock	16	static
../wifi/wifidriver/mlan_glue.c:375:20:wrapper_moal_spin_lock	16	static
../wifi/wifidriver/mlan_glue.c:384:20:wrapper_moal_spin_unlock	16	static
../wifi/wifidriver/mlan_glue.c:460:5:mlan_subsys_init	8	static
../wifi/wifidriver/mlan_glue.c:501:5:mlan_subsys_deinit	8	static
../wifi/wifidriver/mlan_glue.c:513:5:wrapper_wlan_cmd_11n_addba_rspgen	24	static
../wifi/wifidriver/mlan_glue.c:551:5:wrapper_wlan_cmd_11n_ba_stream_timeout	24	static
../wifi/wifidriver/mlan_glue.c:566:5:wrapper_wlan_cmd_11n_delba_rspgen	24	static
../wifi/wifidriver/mlan_glue.c:582:6:wrapper_wlan_update_uap_rxrate_info	24	static
../wifi/wifidriver/mlan_glue.c:594:5:wrapper_wlan_uap_ampdu_enable	32	static
../wifi/wifidriver/mlan_glue.c:670:20:do_wlan_ret_11n_addba_resp	32	static
../wifi/wifidriver/mlan_glue.c:698:20:do_wlan_ret_11n_addba_req	32	static
../wifi/wifidriver/mlan_glue.c:770:20:do_wlan_ret_11n_delba	32	static
../wifi/wifidriver/mlan_glue.c:792:5:wrapper_wlan_sta_ampdu_enable	32	static
../wifi/wifidriver/mlan_glue.c:891:5:wrapper_wlan_11d_enable	40	static
../wifi/wifidriver/mlan_glue.c:908:5:wrapper_wlan_uap_11d_enable	40	static
../wifi/wifidriver/mlan_glue.c:925:5:wifi_11h_enable	32	static
../wifi/wifidriver/mlan_glue.c:942:5:wrapper_wlan_ecsa_enable	32	static
../wifi/wifidriver/mlan_glue.c:966:5:wrapper_wlan_cmd_get_hw_spec	16	static
../wifi/wifidriver/mlan_glue.c:978:13:wrapper_wlan_cmd_mgmt_ie	1184	static
../wifi/wifidriver/mlan_glue.c:1012:5:wrapper_wlan_handle_rx_packet	32	static
../wifi/wifidriver/mlan_glue.c:1191:6:wrapper_wlan_cmd_11n_cfg	24	static
../wifi/wifidriver/mlan_glue.c:1207:6:set_event_chanswann	4	static
../wifi/wifidriver/mlan_glue.c:1212:6:clear_event_chanswann	4	static
../wifi/wifidriver/mlan_glue.c:1217:6:wrapper_wlan_11d_clear_parsedtable	16	static
../wifi/wifidriver/mlan_glue.c:1236:6:wrapper_clear_media_connected_event	16	static
../wifi/wifidriver/mlan_glue.c:1242:13:wifi_prepare_and_send_cmd	56	static
../wifi/wifidriver/mlan_glue.c:1294:6:wmsdk_is_11N_enabled	4	static
../wifi/wifidriver/mlan_glue.c:1303:18:wifi_send_bss_ioctl	56	static
../wifi/wifidriver/mlan_glue.c:1323:5:wrapper_get_wpa_ie_in_assoc	24	static
../wifi/wifidriver/mlan_glue.c:1333:12:wifi_send_11n_cfg_ioctl	56	static
../wifi/wifidriver/mlan_glue.c:1354:12:wifi_send_uap_11n_cfg_ioctl	56	static
../wifi/wifidriver/mlan_glue.c:1375:5:wifi_set_txbfcap	40	static
../wifi/wifidriver/mlan_glue.c:1387:5:wifi_set_htcapinfo	40	static
../wifi/wifidriver/mlan_glue.c:1404:5:wifi_set_httxcfg	40	static
../wifi/wifidriver/mlan_glue.c:1421:5:wifi_uap_set_httxcfg_int	40	static
../wifi/wifidriver/mlan_glue.c:1438:12:wifi_send_tx_power_cfg_ioctl	56	static
../wifi/wifidriver/mlan_glue.c:1459:5:wifi_set_tx_power	536	static
../wifi/wifidriver/mlan_glue.c:1472:5:wifi_set_tx_power_ext	536	static
../wifi/wifidriver/mlan_glue.c:1485:5:wifi_get_tx_power	576	static
../wifi/wifidriver/mlan_glue.c:1508:12:wifi_send_tx_rate_cfg_ioctl	56	static
../wifi/wifidriver/mlan_glue.c:1550:5:wifi_set_txratecfg	88	static
../wifi/wifidriver/mlan_glue.c:1598:5:wifi_get_txratecfg	96	static
../wifi/wifidriver/mlan_glue.c:1622:6:wrapper_wlan_11d_support_is_enabled	16	static
../wifi/wifidriver/mlan_glue.c:1632:5:wrapper_wifi_assoc	1144	static
../wifi/wifidriver/mlan_glue.c:2421:13:compute_rssi_values	16	static
../wifi/wifidriver/mlan_glue.c:2442:13:wifi_set_hostcmd_resp	24	static
../wifi/wifidriver/mlan_glue.c:2464:13:load_bss_list	40	static
../wifi/wifidriver/mlan_glue.c:2524:13:load_ver_ext	24	static
../wifi/wifidriver/mlan_glue.c:2540:5:wifi_process_cmd_response	304	static
../wifi/wifidriver/mlan_glue.c:4364:7:wlan_get_specific_ie	40	static
../wifi/wifidriver/mlan_glue.c:4432:13:wrapper_wlan_check_sta_capability	80	static
../wifi/wifidriver/mlan_glue.c:4567:13:wrapper_wlan_check_uap_capability	32	static
../wifi/wifidriver/mlan_glue.c:4642:6:wlan_update_wnm_ps_status	16	static
../wifi/wifidriver/mlan_glue.c:4841:13:wifi_handle_event_tx_status_report	16	static
../wifi/wifidriver/mlan_glue.c:4861:13:wifi_handle_blocked_sta_report	32	static
../wifi/wifidriver/mlan_glue.c:4907:5:wifi_request_bgscan	40	static
../wifi/wifidriver/mlan_glue.c:4921:5:wifi_set_rssi_low_threshold	80	static
../wifi/wifidriver/mlan_glue.c:4952:5:wifi_request_bgscan_query	40	static
../wifi/wifidriver/mlan_glue.c:4964:5:wifi_config_bgscan_and_rssi	32	static
../wifi/wifidriver/mlan_glue.c:5027:13:wifi_stop_bgscan	16	static
../wifi/wifidriver/mlan_glue.c:5043:5:wifi_handle_fw_event	80	static
../wifi/wifidriver/mlan_glue.c:5812:13:process_rsn_ie	72	static
../wifi/wifidriver/mlan_glue.c:6004:13:process_wpa_ie	72	static
../wifi/wifidriver/mlan_glue.c:6137:5:wrapper_bssdesc_first_set	40	static
../wifi/wifidriver/mlan_glue.c:6233:5:wrapper_bssdesc_second_set	32	static
../wifi/wifidriver/mlan_glue.c:6376:5:wifi_get_scan_result_count	16	static
../wifi/wifidriver/mlan_glue.c:6387:5:wrapper_wlan_set_regiontable	24	static
../wifi/wifidriver/mlan_glue.c:6402:6:wifi_scan_process_results	16	static
../wifi/wifidriver/mlan_glue.c:6426:6:check_for_wpa2_entp_ie	32	static
../wifi/wifidriver/mlan_glue.c:6473:6:wifi_get_value1_from_cmdresp	16	static
../wifi/wifidriver/mlan_glue.c:6484:6:wifi_get_mac_address_from_cmdresp	16	static
../wifi/wifidriver/mlan_glue.c:6489:6:wifi_get_firmware_ver_ext_from_cmdresp	40	static
../wifi/wifidriver/mlan_glue.c:6549:6:wifi_prepare_set_cal_data_cmd	16	static
../wifi/wifidriver/mlan_glue.c:6573:5:wifi_set_region_power_cfg	40	static
../wifi/wifidriver/mlan_glue.c:6590:6:wifi_prepare_get_hw_spec_cmd	16	static
../wifi/wifidriver/mlan_glue.c:6598:6:wifi_prepare_reconfigure_tx_buf_cmd	16	static
../wifi/wifidriver/mlan_glue.c:6612:6:wifi_prepare_get_mac_addr_cmd	16	static
../wifi/wifidriver/mlan_glue.c:6621:6:wifi_prepare_get_fw_ver_ext_cmd	24	static
../wifi/wifidriver/mlan_glue.c:6630:6:wifi_prepare_get_value1	16	static
../wifi/wifidriver/mlan_glue.c:6642:6:wifi_prepare_set_mac_addr_cmd	16	static
../wifi/wifidriver/mlan_glue.c:6664:6:wifi_prepare_enable_amsdu_cmd	16	static
../wifi/wifidriver/mlan_glue.c:6689:6:wlan_prepare_mac_control_cmd	16	static
../wifi/wifidriver/mlan_glue.c:6706:6:wifi_set_cal_data	16	static
../wifi/wifidriver/mlan_glue.c:6713:6:wifi_set_mac_addr	16	static
../wifi/wifidriver/mlan_glue.c:6719:6:_wifi_set_mac_addr	40	static
../wifi/wifidriver/mlan_glue.c:7012:5:wifi_set_11ax_tx_omi	88	static
../wifi/wifidriver/mlan_glue.c:7058:5:wifi_set_11ax_tol_time	80	static
../wifi/wifidriver/mlan_glue.c:7084:5:wifi_set_11ax_rutxpowerlimit	40	static
../wifi/wifidriver/mlan_glue.c:7122:5:wifi_set_11ax_rutxpowerlimit_legacy	48	static
../wifi/wifidriver/mlan_glue.c:7163:5:wifi_get_11ax_rutxpowerlimit_legacy	32	static
../wifi/wifidriver/mlan_glue.c:7187:5:wifi_set_11ax_cfg	32	static
../wifi/wifidriver/mlan_glue.c:7196:5:wifi_set_btwt_cfg	24	static
../wifi/wifidriver/mlan_glue.c:7212:5:wifi_set_twt_setup_cfg	120	static
../wifi/wifidriver/mlan_glue.c:7260:5:wifi_set_twt_teardown_cfg	104	static
../wifi/wifidriver/mlan_glue.c:7279:5:wifi_get_twt_report	104	static
