../wifi/wifidriver/wifi-sdio.c:103:20:wifi_send_fw_data	40	static
../wifi/wifidriver/wifi-sdio.c:185:5:wifi_sdio_lock	8	static
../wifi/wifidriver/wifi-sdio.c:190:6:wifi_sdio_unlock	8	static
../wifi/wifidriver/wifi-sdio.c:215:12:wifi_sdio_get_command_resp_sem	16	static
../wifi/wifidriver/wifi-sdio.c:220:12:wifi_sdio_put_command_resp_sem	8	static
../wifi/wifidriver/wifi-sdio.c:225:13:wifi_sdio_wait_for_cmdresp	16	static
../wifi/wifidriver/wifi-sdio.c:236:10:wifi_get_device_value1	4	static
../wifi/wifidriver/wifi-sdio.c:241:5:wifi_get_device_mac_addr	16	static
../wifi/wifidriver/wifi-sdio.c:247:5:wifi_get_device_uap_mac_addr	16	static
../wifi/wifidriver/wifi-sdio.c:253:5:wifi_get_device_firmware_version_ext	16	static
../wifi/wifidriver/wifi-sdio.c:260:12:wlan_init_struct	16	static
../wifi/wifidriver/wifi-sdio.c:280:12:wlan_deinit_struct	24	static
../wifi/wifidriver/wifi-sdio.c:304:5:raw_process_pkt_hdrs	40	static
../wifi/wifidriver/wifi-sdio.c:340:6:process_pkt_hdrs	40	static
../wifi/wifidriver/wifi-sdio.c:374:6:process_pkt_hdrs_flags	24	static
../wifi/wifidriver/wifi-sdio.c:380:5:bus_register_event_queue	16	static
../wifi/wifidriver/wifi-sdio.c:392:6:bus_deregister_event_queue	4	static
../wifi/wifidriver/wifi-sdio.c:400:5:bus_register_data_input_function	16	static
../wifi/wifidriver/wifi-sdio.c:414:6:bus_deregister_data_input_funtion	4	static
../wifi/wifidriver/wifi-sdio.c:425:20:wlan_handle_event_packet	24	static
../wifi/wifidriver/wifi-sdio.c:450:20:wlan_handle_cmd_resp_packet	32	static
../wifi/wifidriver/wifi-sdio.c:555:20:wlan_decode_rx_packet	40	static
../wifi/wifidriver/wifi-sdio.c:649:14:wlan_read_rcv_packet	56	static
../wifi/wifidriver/wifi-sdio.c:772:12:wlan_get_next_seq_num	4	static
../wifi/wifidriver/wifi-sdio.c:781:13:_wlan_set_cal_data	40	static
../wifi/wifidriver/wifi-sdio.c:814:13:wlan_reconfigure_tx_buffers	40	static
../wifi/wifidriver/wifi-sdio.c:880:13:wlan_get_hw_spec	40	static
../wifi/wifidriver/wifi-sdio.c:907:13:wlan_get_mac_addr_sta	40	static
../wifi/wifidriver/wifi-sdio.c:938:13:wlan_get_mac_addr_uap	32	static
../wifi/wifidriver/wifi-sdio.c:972:13:wlan_get_fw_ver_ext	48	static
../wifi/wifidriver/wifi-sdio.c:1004:13:wlan_get_value_1	40	static
../wifi/wifidriver/wifi-sdio.c:1034:13:_wlan_set_mac_addr	40	static
../wifi/wifidriver/wifi-sdio.c:1064:13:wlan_set_11n_cfg	32	static
../wifi/wifidriver/wifi-sdio.c:1094:13:wlan_enable_amsdu	40	static
../wifi/wifidriver/wifi-sdio.c:1125:13:wlan_cmd_shutdown	32	static
../wifi/wifidriver/wifi-sdio.c:1147:13:wlan_set_mac_ctrl	40	static
../wifi/wifidriver/wifi-sdio.c:1177:13:wlan_cmd_init	32	static
../wifi/wifidriver/wifi-sdio.c:1240:13:wlan_fw_init_cfg	16	static
../wifi/wifidriver/wifi-sdio.c:1451:5:wlan_send_sdio_vdllcmd	40	static
../wifi/wifidriver/wifi-sdio.c:1474:5:wlan_send_sdio_cmd	40	static
../wifi/wifidriver/wifi-sdio.c:1501:5:wifi_send_cmdbuffer	16	static
../wifi/wifidriver/wifi-sdio.c:1507:5:wifi_send_vdllcmdbuffer	16	static
../wifi/wifidriver/wifi-sdio.c:1869:13:wlan_xmit_pkt	32	static
../wifi/wifidriver/wifi-sdio.c:1893:13:wlan_send_null_packet	152	static
../wifi/wifidriver/wifi-sdio.c:1922:8:wlan_interrupt	40	static
../wifi/wifidriver/wifi-sdio.c:2029:20:wlan_get_rd_port	64	static
../wifi/wifidriver/wifi-sdio.c:2262:20:_handle_sdio_packet_read	56	static
../wifi/wifidriver/wifi-sdio.c:2389:20:_handle_sdio_cmd_read	32	static
../wifi/wifidriver/wifi-sdio.c:2406:13:handle_sdio_cmd_read	48	static
../wifi/wifidriver/wifi-sdio.c:2427:13:handle_sdio_packet_read	56	static
../wifi/wifidriver/wifi-sdio.c:2538:13:wlan_process_int_status	32	static
../wifi/wifidriver/wifi-sdio.c:2661:6:handle_cdint	16	static
../wifi/wifidriver/wifi-sdio.c:2675:5:wifi_raw_packet_recv	56	static
../wifi/wifidriver/wifi-sdio.c:2765:5:wifi_raw_packet_send	40	static
../wifi/wifidriver/wifi-sdio.c:2794:20:sd_wifi_preinit	16	static
../wifi/wifidriver/wifi-sdio.c:2821:6:sd_wifi_reset_ports	4	static
../wifi/wifidriver/wifi-sdio.c:2832:13:sd_wifi_post_init	32	static
../wifi/wifidriver/wifi-sdio.c:2876:13:sd_wifi_init	32	static
../wifi/wifidriver/wifi-sdio.c:2941:6:sd_wifi_deinit	8	static
../wifi/wifidriver/wifi-sdio.c:2957:21:wifi_get_vdllcommand_buffer	4	static
../wifi/wifidriver/wifi-sdio.c:2965:21:wifi_get_prev_command_buffer	4	static
../wifi/wifidriver/wifi-sdio.c:2972:21:wifi_get_command_buffer	4	static
../wifi/wifidriver/wifi-sdio.c:2981:6:set_ioport_inmlan	16	static
../wifi/wifidriver/wifi-sdio.c:2986:13:sdio_fw_is_hang	4	static
