D:\work_nxp\monkey_d_wifi_setup_cm7\wifi\wifidriver\incl/mlan_api.h:61:20:panic	16	static
../wifi/wifidriver/wifi.c:246:10:wifi_get_last_cmd_sent_ms	4	static
../wifi/wifidriver/wifi.c:251:10:wifi_get_value1	8	static
../wifi/wifidriver/wifi.c:257:6:wifi_wake_up_card	16	static
../wifi/wifidriver/wifi.c:277:6:wifi_get_xfer_pending	4	static
../wifi/wifidriver/wifi.c:284:6:wifi_set_xfer_pending	16	static
../wifi/wifidriver/wifi.c:289:6:wifi_update_last_cmd_sent_ms	8	static
../wifi/wifidriver/wifi.c:294:12:wifi_get_command_resp_sem	16	static
../wifi/wifidriver/wifi.c:299:5:wifi_put_command_resp_sem	8	static
../wifi/wifidriver/wifi.c:306:5:wifi_get_command_lock	16	static
../wifi/wifidriver/wifi.c:326:5:wifi_put_command_lock	16	static
../wifi/wifidriver/wifi.c:346:12:wifi_get_mcastf_lock	16	static
../wifi/wifidriver/wifi.c:360:12:wifi_put_mcastf_lock	16	static
../wifi/wifidriver/wifi.c:1041:5:wifi_wait_for_vdllcmdresp	32	static
../wifi/wifidriver/wifi.c:1162:6:wifi_handle_preasleep_response	16	static
../wifi/wifidriver/wifi.c:1179:5:wifi_wait_for_cmdresp	64	static
../wifi/wifidriver/wifi.c:1402:5:wifi_event_completion	24	static
../wifi/wifidriver/wifi.c:1423:12:cmp_mac_addr	24	static
../wifi/wifidriver/wifi.c:1442:12:add_mcast_ip	24	static
../wifi/wifidriver/wifi.c:1492:12:remove_mcast_ip	24	static
../wifi/wifidriver/wifi.c:1547:12:make_filter_list	24	static
../wifi/wifidriver/wifi.c:1568:6:wifi_get_ipv4_multicast_mac	32	static
../wifi/wifidriver/wifi.c:1619:5:wifi_add_mcast_filter	216	static
../wifi/wifidriver/wifi.c:1643:5:wifi_remove_mcast_filter	216	static
../wifi/wifidriver/wifi.c:1668:6:wifi_remove_all_mcast_filter	24	static
../wifi/wifidriver/wifi.c:1694:5:wifi_get_scan_result	80	static
../wifi/wifidriver/wifi.c:1747:5:wifi_register_event_queue	16	static
../wifi/wifidriver/wifi.c:1763:5:wifi_unregister_event_queue	16	static
../wifi/wifidriver/wifi.c:1775:5:wifi_get_wpa_ie_in_assoc	16	static
../wifi/wifidriver/wifi.c:1782:13:wifi_drv_task	32	static
../wifi/wifidriver/wifi.c:1837:13:wifi_pre_asleep_task	32	static
../wifi/wifidriver/wifi.c:1869:13:wifi_core_task	40	static
../wifi/wifidriver/wifi.c:1924:6:wifi_user_scan_config_cleanup	8	static
../wifi/wifidriver/wifi.c:1937:6:wifi_scan_stop	8	static
../wifi/wifidriver/wifi.c:1952:13:wifi_scan_task	40	static
../wifi/wifidriver/wifi.c:2004:13:wifi_powersave_task	32	static
../wifi/wifidriver/wifi.c:2035:15:wlan_vdll_complete	16	static
../wifi/wifidriver/wifi.c:2042:12:send_pre_asleep_request	24	static
../wifi/wifidriver/wifi.c:2062:12:wifi_core_init	24	static
../wifi/wifidriver/wifi.c:2277:13:wifi_core_deinit	16	static
../wifi/wifidriver/wifi.c:2355:5:wifi_init	24	static
../wifi/wifidriver/wifi.c:2483:5:wifi_init_fcc	24	static
../wifi/wifidriver/wifi.c:2539:6:wifi_deinit	8	static
../wifi/wifidriver/wifi.c:2557:6:wifi_fw_is_hang	8	static
../wifi/wifidriver/wifi.c:2564:6:wifi_destroy_wifidriver_tasks	8	static
../wifi/wifidriver/wifi.c:2584:6:wifi_set_tx_status	16	static
../wifi/wifidriver/wifi.c:2589:6:wifi_set_rx_status	16	static
../wifi/wifidriver/wifi.c:2594:6:wifi_set_packet_retry_count	16	static
../wifi/wifidriver/wifi.c:2600:6:wifi_sta_ampdu_tx_enable	4	static
../wifi/wifidriver/wifi.c:2605:6:wifi_sta_ampdu_tx_disable	4	static
../wifi/wifidriver/wifi.c:2610:6:wifi_sta_ampdu_tx_enable_per_tid	16	static
../wifi/wifidriver/wifi.c:2615:6:wifi_sta_ampdu_tx_enable_per_tid_is_allowed	16	static
../wifi/wifidriver/wifi.c:2645:6:wifi_sta_ampdu_rx_enable	4	static
../wifi/wifidriver/wifi.c:2650:6:wifi_sta_ampdu_rx_disable	4	static
../wifi/wifidriver/wifi.c:2655:6:wifi_sta_ampdu_rx_enable_per_tid	16	static
../wifi/wifidriver/wifi.c:2660:6:wifi_sta_ampdu_rx_enable_per_tid_is_allowed	16	static
../wifi/wifidriver/wifi.c:2690:6:wifi_uap_ampdu_tx_enable	4	static
../wifi/wifidriver/wifi.c:2695:6:wifi_uap_ampdu_tx_disable	4	static
../wifi/wifidriver/wifi.c:2700:6:wifi_uap_ampdu_tx_enable_per_tid	16	static
../wifi/wifidriver/wifi.c:2705:6:wifi_uap_ampdu_tx_enable_per_tid_is_allowed	16	static
../wifi/wifidriver/wifi.c:2731:6:wifi_uap_ampdu_rx_enable	4	static
../wifi/wifidriver/wifi.c:2736:6:wifi_uap_ampdu_rx_disable	4	static
../wifi/wifidriver/wifi.c:2741:6:wifi_uap_ampdu_rx_enable_per_tid	16	static
../wifi/wifidriver/wifi.c:2746:6:wifi_uap_ampdu_rx_enable_per_tid_is_allowed	16	static
../wifi/wifidriver/wifi.c:2790:5:wifi_register_data_input_callback	16	static
../wifi/wifidriver/wifi.c:2823:6:wifi_deregister_data_input_callback	4	static
../wifi/wifidriver/wifi.c:2828:5:wifi_register_amsdu_data_input_callback	16	static
../wifi/wifidriver/wifi.c:2842:6:wifi_deregister_amsdu_data_input_callback	4	static
../wifi/wifidriver/wifi.c:2847:5:wifi_register_deliver_packet_above_callback	16	static
../wifi/wifidriver/wifi.c:2861:6:wifi_deregister_deliver_packet_above_callback	4	static
../wifi/wifidriver/wifi.c:2866:5:wifi_register_wrapper_net_is_ip_or_ipv6_callback	16	static
../wifi/wifidriver/wifi.c:2878:6:wifi_deregister_wrapper_net_is_ip_or_ipv6_callback	4	static
../wifi/wifidriver/wifi.c:3485:12:wifi_low_level_input	16	static
../wifi/wifidriver/wifi.c:3551:6:wifi_tx_card_awake_lock	16	static
../wifi/wifidriver/wifi.c:3573:6:wifi_tx_card_awake_unlock	8	static
../wifi/wifidriver/wifi.c:4254:12:wlan_is_tcp_ack	32	static
../wifi/wifidriver/wifi.c:4362:5:wifi_low_level_output	40	static
../wifi/wifidriver/wifi.c:4641:10:wifi_get_outbuf	16	static
../wifi/wifidriver/wifi.c:4760:12:raw_low_level_output	48	static
../wifi/wifidriver/wifi.c:4862:5:wifi_inject_frame	24	static
../wifi/wifidriver/wifi.c:4915:5:wifi_set_country_code	24	static
../wifi/wifidriver/wifi.c:4954:5:wifi_get_country_code	16	static
../wifi/wifidriver/wifi.c:4961:5:wifi_set_country_ie_ignore	16	static
../wifi/wifidriver/wifi.c:5288:5:wifi_supp_inject_frame	24	static
../wifi/wifidriver/wifi.c:5298:6:wifi_is_remain_on_channel	4	static
../wifi/wifidriver/wifi.c:5303:5:wifi_remain_on_channel	32	static
